[therealprediction.online/index.html]
[backblue.gif]
[fade.gif]
[index.html]
[cdnjs.cloudflare.com/ajax/libs/normalize/5.0.0/normalize.min.css]
[cdnjs.cloudflare.com/ajax/libs/font-awesome/4.7.0/css/font-awesome.min.css]
[therealprediction.online/style.css]
[connect.facebook.net/en_US/fbevents.js]
[therealprediction.online/images/06.jpg]
[therealprediction.online/images/04.jpg]
[therealprediction.online/images/05.jpg]
[therealprediction.online/images/07.jpg]
[therealprediction.online/images/08.jpg]
[therealprediction.online/images/09.jpg]
[therealprediction.online/images/10.jpg]
[cdnjs.cloudflare.com/ajax/libs/jquery/3.1.1/jquery.min.js]
[cdnjs.cloudflare.com/ajax/libs/gsap/1.19.1/TweenMax.min.js]
[therealprediction.online/script.js]
[therealprediction.online/index.html]
[cdnjs.cloudflare.com/ajax/libs/normalize/5.0.0/normalize.min.css]
[cdnjs.cloudflare.com/ajax/libs/font-awesome/4.7.0/css/font-awesome.min.css]
[therealprediction.online/style.css]
[therealprediction.online/a.e.delayed]
[therealprediction.online/POST.f.delayed]
[therealprediction.online/schema.org/index.html]
[therealprediction.online/b.10.delayed]
[therealprediction.online/signals/iwl.11.delayed]
[connect.facebook.net/en_US/fbevents.js]
[therealprediction.online/a.html]
[therealprediction.online/POST.html]
[therealprediction.online/schema.org/index.html]
[therealprediction.online/b.html]
[therealprediction.online/signals/iwl.html]
